main.cpp:78:5:int GO_command()	8	static
main.cpp:95:5:int STOP_command()	8	static
main.cpp:105:5:int LEFT_command()	8	static
main.cpp:119:5:int RIGHT_command()	8	static
main.cpp:135:5:int OTHER_command()	8	static
main.cpp:147:5:int main()	264	static
main.cpp:258:6:void SystemClock_Config()	184	static
main.cpp:322:13:void MX_I2S2_Init()	8	static
main.cpp:356:13:void MX_TIM2_Init()	64	static
main.cpp:415:13:void MX_TIM5_Init()	64	static
main.cpp:474:13:void MX_USART2_UART_Init()	8	static
main.cpp:505:13:void MX_DMA_Init()	16	static
main.cpp:526:13:void MX_GPIO_Init()	48	static
main.cpp:573:6:void Error_Handler()	4	static,ignoring_inline_asm
